{
  "name": "fancy plugin",
  "version": "0.1.0",
  "description": "a description"
}

